<html>
<body>
<pre>
<h1>µVision Build Log</h1>
<h2>Tool Versions:</h2>
IDE-Version: ¦ÌVision V5.22.0.0
Copyright (C) 2016 ARM Ltd and ARM Germany GmbH. All rights reserved.
License Information: Yin Huidong, NorthUnviersityOfChina, LIC=50D56-DA5QD-ULNCE-54RIP-8SH4J-D6Y6Y
 
Tool Versions:
Toolchain:       MDK-ARM Professional  Version: 5.22
Toolchain Path:  H:\MDK522\ARM\ARMCC\Bin
C Compiler:      Armcc.exe V5.06 update 4 (build 422)
Assembler:       Armasm.exe V5.06 update 4 (build 422)
Linker/Locator:  ArmLink.exe V5.06 update 4 (build 422)
Library Manager: ArmAr.exe V5.06 update 4 (build 422)
Hex Converter:   FromElf.exe V5.06 update 4 (build 422)
CPU DLL:         SARMCM3.DLL V5.22
Dialog DLL:      DCM.DLL V1.13.9.0
Target DLL:      STLink\ST-LINKIII-KEIL_SWO.dll V2.0.18.0
Dialog DLL:      TCM.DLL V1.21.0.0
 
<h2>Project:</h2>
F:\WorkSpace\Annecy\Annecy\Annecy\MDK-ARM\Annecy.uvprojx
Project File Date:  11/22/2017

<h2>Output:</h2>
*** Using Compiler 'V5.06 update 4 (build 422)', folder: 'H:\MDK522\ARM\ARMCC\Bin'
Build target 'Annecy'
compiling libra_i2c.c...
..\Src\libra_i2c.c(91): warning:  #188-D: enumerated type mixed with another type
  		
..\Src\libra_i2c.c: 1 warning, 0 errors
linking...
Program Size: Code=4924 RO-data=360 RW-data=12 ZI-data=1092  
"Annecy\Annecy.axf" - 0 Error(s), 1 Warning(s).

<h2>Software Packages used:</h2>

Package Vendor: ARM
                http://www.keil.com/pack/ARM.CMSIS.5.0.0.pack
                ARM::CMSIS:CORE:5.0.0
                CMSIS (Cortex Microcontroller Software Interface Standard)
   * Component: CORE Version: 5.0.0

<h2>Collection of Component include folders:</h2>
  F:\WorkSpace\Annecy\Annecy\Annecy\MDK-ARM\RTE\_Annecy
  H:\MDK522\ARM\PACK\ARM\CMSIS\5.0.0\CMSIS\Include
  H:\MDK522\ARM\PACK\Keil\STM32F1xx_DFP\2.1.0\Device\Include

<h2>Collection of Component Files used:</h2>

   * Component: ARM::CMSIS:CORE:5.0.0
Build Time Elapsed:  00:00:01
</pre>
</body>
</html>
